2023-10-14 13:29:01,544$ [DEBUG]$ This is a debug message
2023-10-14 13:29:01,544$ [INFO]$ This is an info message
2023-10-14 13:29:01,545$ [WARNING]$ This is a warning message
2023-10-14 13:29:01,545$ [ERROR]$ This is an error message
2023-10-14 13:29:01,545$ [CRITICAL]$ This is a critical message
2023-10-14 13:29:16,362$ [DEBUG]$ This is a debug message
2023-10-14 13:29:16,362$ [DEBUG]$ This is a debug message
2023-10-14 13:29:16,363$ [INFO]$ This is an info message
2023-10-14 13:29:16,363$ [INFO]$ This is an info message
2023-10-14 13:29:16,363$ [WARNING]$ This is a warning message
2023-10-14 13:29:16,363$ [WARNING]$ This is a warning message
2023-10-14 13:29:16,363$ [ERROR]$ This is an error message
2023-10-14 13:29:16,363$ [ERROR]$ This is an error message
2023-10-14 13:29:16,363$ [CRITICAL]$ This is a critical message
2023-10-14 13:29:16,363$ [CRITICAL]$ This is a critical message
2023-10-14 13:29:19,516$ [DEBUG]$ This is a debug message
2023-10-14 13:29:19,516$ [DEBUG]$ This is a debug message
2023-10-14 13:29:19,516$ [DEBUG]$ This is a debug message
2023-10-14 13:29:19,517$ [INFO]$ This is an info message
2023-10-14 13:29:19,517$ [INFO]$ This is an info message
2023-10-14 13:29:19,517$ [INFO]$ This is an info message
2023-10-14 13:29:19,517$ [WARNING]$ This is a warning message
2023-10-14 13:29:19,517$ [WARNING]$ This is a warning message
2023-10-14 13:29:19,517$ [WARNING]$ This is a warning message
2023-10-14 13:29:19,517$ [ERROR]$ This is an error message
2023-10-14 13:29:19,517$ [ERROR]$ This is an error message
2023-10-14 13:29:19,517$ [ERROR]$ This is an error message
2023-10-14 13:29:19,517$ [CRITICAL]$ This is a critical message
2023-10-14 13:29:19,517$ [CRITICAL]$ This is a critical message
2023-10-14 13:29:19,517$ [CRITICAL]$ This is a critical message
2023-10-14 13:29:20,950$ [DEBUG]$ This is a debug message
2023-10-14 13:29:20,950$ [DEBUG]$ This is a debug message
2023-10-14 13:29:20,950$ [DEBUG]$ This is a debug message
2023-10-14 13:29:20,950$ [DEBUG]$ This is a debug message
2023-10-14 13:29:20,954$ [INFO]$ This is an info message
2023-10-14 13:29:20,954$ [INFO]$ This is an info message
2023-10-14 13:29:20,954$ [INFO]$ This is an info message
2023-10-14 13:29:20,954$ [INFO]$ This is an info message
2023-10-14 13:29:20,955$ [WARNING]$ This is a warning message
2023-10-14 13:29:20,955$ [WARNING]$ This is a warning message
2023-10-14 13:29:20,955$ [WARNING]$ This is a warning message
2023-10-14 13:29:20,955$ [WARNING]$ This is a warning message
2023-10-14 13:29:20,955$ [ERROR]$ This is an error message
2023-10-14 13:29:20,955$ [ERROR]$ This is an error message
2023-10-14 13:29:20,955$ [ERROR]$ This is an error message
2023-10-14 13:29:20,955$ [ERROR]$ This is an error message
2023-10-14 13:29:20,955$ [CRITICAL]$ This is a critical message
2023-10-14 13:29:20,955$ [CRITICAL]$ This is a critical message
2023-10-14 13:29:20,955$ [CRITICAL]$ This is a critical message
2023-10-14 13:29:20,955$ [CRITICAL]$ This is a critical message
2023-10-14 13:29:23,128$ [DEBUG]$ This is a debug message
2023-10-14 13:29:23,128$ [DEBUG]$ This is a debug message
2023-10-14 13:29:23,128$ [DEBUG]$ This is a debug message
2023-10-14 13:29:23,128$ [DEBUG]$ This is a debug message
2023-10-14 13:29:23,128$ [DEBUG]$ This is a debug message
2023-10-14 13:29:23,129$ [INFO]$ This is an info message
2023-10-14 13:29:23,129$ [INFO]$ This is an info message
2023-10-14 13:29:23,129$ [INFO]$ This is an info message
2023-10-14 13:29:23,129$ [INFO]$ This is an info message
2023-10-14 13:29:23,129$ [INFO]$ This is an info message
2023-10-14 13:29:23,129$ [WARNING]$ This is a warning message
2023-10-14 13:29:23,129$ [WARNING]$ This is a warning message
2023-10-14 13:29:23,129$ [WARNING]$ This is a warning message
2023-10-14 13:29:23,129$ [WARNING]$ This is a warning message
2023-10-14 13:29:23,129$ [WARNING]$ This is a warning message
2023-10-14 13:29:23,129$ [ERROR]$ This is an error message
2023-10-14 13:29:23,129$ [ERROR]$ This is an error message
2023-10-14 13:29:23,129$ [ERROR]$ This is an error message
2023-10-14 13:29:23,129$ [ERROR]$ This is an error message
2023-10-14 13:29:23,129$ [ERROR]$ This is an error message
2023-10-14 13:29:23,129$ [CRITICAL]$ This is a critical message
2023-10-14 13:29:23,129$ [CRITICAL]$ This is a critical message
2023-10-14 13:29:23,129$ [CRITICAL]$ This is a critical message
2023-10-14 13:29:23,129$ [CRITICAL]$ This is a critical message
2023-10-14 13:29:23,129$ [CRITICAL]$ This is a critical message
2023-10-14 13:29:24,836$ [DEBUG]$ This is a debug message
2023-10-14 13:29:24,836$ [DEBUG]$ This is a debug message
2023-10-14 13:29:24,836$ [DEBUG]$ This is a debug message
2023-10-14 13:29:24,836$ [DEBUG]$ This is a debug message
2023-10-14 13:29:24,836$ [DEBUG]$ This is a debug message
2023-10-14 13:29:24,836$ [DEBUG]$ This is a debug message
2023-10-14 13:29:24,836$ [INFO]$ This is an info message
2023-10-14 13:29:24,836$ [INFO]$ This is an info message
2023-10-14 13:29:24,836$ [INFO]$ This is an info message
2023-10-14 13:29:24,836$ [INFO]$ This is an info message
2023-10-14 13:29:24,836$ [INFO]$ This is an info message
2023-10-14 13:29:24,836$ [INFO]$ This is an info message
2023-10-14 13:29:24,836$ [WARNING]$ This is a warning message
2023-10-14 13:29:24,836$ [WARNING]$ This is a warning message
2023-10-14 13:29:24,836$ [WARNING]$ This is a warning message
2023-10-14 13:29:24,836$ [WARNING]$ This is a warning message
2023-10-14 13:29:24,836$ [WARNING]$ This is a warning message
2023-10-14 13:29:24,836$ [WARNING]$ This is a warning message
2023-10-14 13:29:24,839$ [ERROR]$ This is an error message
2023-10-14 13:29:24,839$ [ERROR]$ This is an error message
2023-10-14 13:29:24,839$ [ERROR]$ This is an error message
2023-10-14 13:29:24,839$ [ERROR]$ This is an error message
2023-10-14 13:29:24,839$ [ERROR]$ This is an error message
2023-10-14 13:29:24,839$ [ERROR]$ This is an error message
2023-10-14 13:29:24,840$ [CRITICAL]$ This is a critical message
2023-10-14 13:29:24,840$ [CRITICAL]$ This is a critical message
2023-10-14 13:29:24,840$ [CRITICAL]$ This is a critical message
2023-10-14 13:29:24,840$ [CRITICAL]$ This is a critical message
2023-10-14 13:29:24,840$ [CRITICAL]$ This is a critical message
2023-10-14 13:29:24,840$ [CRITICAL]$ This is a critical message
